// Jest Snapshot v1, https://goo.gl/fbAQLP

exports[`app component renders the app 1`] = `<RandomColor />`;
