// Jest Snapshot v1, https://goo.gl/fbAQLP

exports[`incrementer component renders the incrementer 1`] = `
<Fragment>
  <p>
    Current Count: 
    0
  </p>
  <button
    onClick={[Function]}
  >
    Increment
  </button>
</Fragment>
`;
